<?xml version="1.0" encoding="utf-8"?><testsuites name="pytest tests"><testsuite name="pytest" errors="0" failures="0" skipped="0" tests="22" time="2.637" timestamp="2025-08-24T11:00:46.312798+00:00" hostname="ed201860f2b2"><testcase classname="tests.test_question_answering" name="test_question_answering[QA_Pharmacists_pro]" time="0.124" /><testcase classname="tests.test_question_answering" name="test_question_answering[QA_In_2012_the_Eco]" time="0.143" /><testcase classname="tests.test_question_answering" name="test_question_answering[QA_The_heat_requir]" time="0.088" /><testcase classname="tests.test_question_answering" name="test_question_answering[QA_Stage_1_is_the_]" time="0.108" /><testcase classname="tests.test_question_answering" name="test_question_answering[QA_Passenger_rail_]" time="0.079" /><testcase classname="tests.test_question_answering" name="test_question_answering[QA_On_October_6__1]" time="0.170" /><testcase classname="tests.test_question_answering" name="test_question_answering[QA_A_problem_is_re]" time="0.093" /><testcase classname="tests.test_question_answering" name="test_question_answering[QA_The_IPCC_Fourth]" time="0.111" /><testcase classname="tests.test_question_answering" name="test_question_answering[QA_The_Education_S]" time="0.085" /><testcase classname="tests.test_question_answering" name="test_question_answering[QA_College_sports_]" time="0.052" /><testcase classname="tests.test_question_answering" name="test_generate_markdown_summary_qa" time="0.002" /><testcase classname="tests.test_sentiment_analysis" name="test_sentiment_analysis[Sent_Sampo_Housing_L]" time="0.057" /><testcase classname="tests.test_sentiment_analysis" name="test_sentiment_analysis[Sent_GSK_joins_China]" time="0.031" /><testcase classname="tests.test_sentiment_analysis" name="test_sentiment_analysis[Sent____After_the_sh]" time="0.046" /><testcase classname="tests.test_sentiment_analysis" name="test_sentiment_analysis[Sent_Food_sales_tota]" time="0.039" /><testcase classname="tests.test_sentiment_analysis" name="test_sentiment_analysis[Sent_The_acquisition]" time="0.031" /><testcase classname="tests.test_sentiment_analysis" name="test_sentiment_analysis[Sent_The_building_co]" time="0.037" /><testcase classname="tests.test_sentiment_analysis" name="test_sentiment_analysis[Sent__ENB_CA__Head_S]" time="0.044" /><testcase classname="tests.test_sentiment_analysis" name="test_sentiment_analysis[Sent_The_combined_va]" time="0.032" /><testcase classname="tests.test_sentiment_analysis" name="test_sentiment_analysis[Sent_The_equipment_i]" time="0.045" /><testcase classname="tests.test_sentiment_analysis" name="test_sentiment_analysis[Sent_The_divested_ac]" time="0.039" /><testcase classname="tests.test_sentiment_analysis" name="test_generate_markdown_summary_sa" time="0.002" /></testsuite></testsuites>